### 興波咖啡
### FIKA FIKA CAFE Taipei
### 伊良可樂 台北
### 金峰滷肉飯
### 雙月食品社
### RUFOUS COFFEE Taipei
### BAR MOOD Taipei
### incategory:"Ximending"
File:A stand selling lou mei or lu wei sitting by side of a pillar in Taipei.jpg
File:Mos Burger Zhonghua Store 20180929.jpg
File:Taipei Film Commission filming notice 2011-05-10.jpg
File:Taiwan independence movement flags in Ximending 20140803 1.jpg
File:Taipei Ximen Service Center, Samsung Electronics Taiwan 20171111.jpg
File:President Logistics International 610-JC 20190525.jpg
File:People with Umbrellas Walking into Hanzhong Street, Taipei 20160610.jpg
File:FamilyMart light box and 3375 E-Mei Store 20110511.jpg
File:台北西门町台独旗帜20181007-2.jpg
File:平日 假日 (23039714466).jpg
File:Taipei Ximen Service Center, Samsung Electronics Taiwan 20210314.jpg
File:Ximen Store, Hobby Garage front view 20220313.jpg
File:CMC Veryca BFT-9076 on Wuchang Street 20220313.jpg
File:Animate Taiwan Flagship Store 20100525.jpg
File:Taipei Ximen Store, Taiwan Star Telecom 20200829.jpg
File:TW 台灣 Taiwan TPE 台北市 Taipei City 中正區 Zhongzheng District morning August 2019 IX2 30.jpg
File:View of Cashbox Partyworld Taipei Zhonghua New Hall from the exit of metro Ximen Station.jpg
File:Taipei Ximen Service Center, Samsung Electronics Taiwan 20181027.jpg
File:China Times ad on Xining South Road 20200718.jpg
File:Ximen, Taipei - Ximen4875.jpg
File:FET Xining South Store and Toyota Corona ST-4165 20240518.jpg
File:Ay-Chung Flour-Rice Noodle at lunchtime November 2017.jpg
File:Emei Street, Wanha District, Taipei, 2023 (01).jpg
File:2016-05-03 Ximending 02.jpg
File:Pedestrians in Ximending District, Taipei.jpg
### incategory:"Yongkang Street"
File:TW 台灣 Taiwan 台北 Taipei 永康街 YongKang Street 公園 Park March 2024 R12S 16.jpg
File:TW 台灣 Taiwan 台北 Taipei 大安區 Da'An 永康街 Yongkang Street clothing shop March 2024 R12S 610.jpg
File:TW 台灣 Taiwan 台北 Taipei 永康街 YongKang Street 公園 Park March 2024 R12S 14.jpg
File:TW 台灣 Taiwan 台北 Taipei 大安區 Da'An 永康街 Yongkang Street March 2024 R12S 707.jpg
File:TW 台灣 Taiwan 台北 Taipei 永康街 YongKang Street green lane March 2024 R12S 218.jpg
File:TW 台灣 Taiwan 台北 Taipei 大安區 Da'An 永康街 Yongkang Street morning March 2024 R12S 106.jpg
File:TW 台灣 Taiwan 台北 Taipei 大安區 Da'An 永康街 Yongkang Street March 2024 R12S 621.jpg
File:TW 台灣 Taiwan 台北 Taipei 大安區 Da'An 永康街 Yongkang Street March 2024 R12S 703.jpg
File:TW 台灣 Taiwan 台北 Taipei 永康街 YongKang Street gift shop March 2024 R12S 02.jpg
File:TW 台灣 Taiwan 台北 Taipei 永康街 YongKang Street garden metal gate March 2024 R12S 01.jpg
File:TW 台灣 Taiwan 台北 Taipei 大安區 Da'An 永康街 Yongkang Street March 2024 R12S 606.jpg
File:People visit Yongkang shopping street in Taipei.jpg
File:TW 台灣 Taiwan 台北 Taipei 永康街 YongKang Street shop 富麗華不動產 real estate agent March 2024 R12S 02.jpg
File:TW 台灣 Taiwan 台北 Taipei 大安區 Da'An 永康街 Yongkang Street March 2024 R12S 608.jpg
File:TW 台灣 Taiwan 台北 Taipei 大安區 Da'An 永康街 Yongkang Street morning March 2024 R12S 103.jpg
File:TW 台灣 Taiwan 台北 Taipei 永康街 YongKang Street 公園 Park March 2024 R12S 15.jpg
File:TW 台灣 Taiwan 台北 Taipei 大安區 Da'An 永康街 Yongkang Street March 2024 R12S 704.jpg
File:TW 台灣 Taiwan 台北 Taipei 大安區 Da'An 永康街 Yongkang Street March 2024 R12S 615.jpg
File:TW 台灣 Taiwan 台北 Taipei 永康街 YongKang Street March 2024 R12S 236.jpg
File:TW 台灣 Taiwan 台北 Taipei 大安區 Da'An 永康街 Yongkang Street March 2024 R12S 618.jpg
File:TW 台灣 Taiwan 台北 Taipei 大安區 Da'An 永康街 Yongkang Street March 2024 R12S 604.jpg
File:TW 台灣 Taiwan 台北 Taipei 大安區 Da'An 永康街 Yongkang Street morning March 2024 R12S 108.jpg
File:TW 台灣 Taiwan 台北 Taipei 永康街 YongKang Street 草原風 March 2024 R12S.jpg
File:TW 台灣 Taiwan 台北 Taipei 永康街 YongKang Street green van A180 中華郵政 台北郵局 Chunghwa Post March 2024 R12S 01.jpg
File:TW 台灣 Taiwan 台北 Taipei 永康街 YongKang Street 公園 Park March 2024 R12S 18.jpg
